NO_LAYOUT      t_action_card                      text=0      added_headers=0
EXACT          t_action_card_support              text=83     added_headers=2
NO_LAYOUT      t_action_course                    text=0      added_headers=0
EXACT          t_chapter                          text=8      added_headers=0
NO_LAYOUT      t_chr_name                         text=0      added_headers=0
EXACT          t_dlc                              text=90     added_headers=0
EXACT          t_ending_production                text=32     added_headers=2
EXACT          t_help                             text=406    added_headers=4
EXACT          t_inc                              text=0      added_headers=0
NO_LAYOUT      t_lookpoint                        text=0      added_headers=0
NO_LAYOUT      t_mapjump                          text=0      added_headers=0
NO_LAYOUT      t_mapjump_dungeon                  text=0      added_headers=0
EXACT          t_monster_note                     text=245    added_headers=2
NO_LAYOUT      t_npc_a1005                        text=0      added_headers=0
NO_LAYOUT      t_npc_a1009                        text=0      added_headers=0
NO_LAYOUT      t_npc_a1041                        text=0      added_headers=0
NO_LAYOUT      t_npc_a1042                        text=0      added_headers=0
NO_LAYOUT      t_npc_a1043                        text=0      added_headers=0
EXACT          t_npc_c0000                        text=0      added_headers=0
EXACT          t_npc_c0001                        text=0      added_headers=0
NO_LAYOUT      t_npc_c0010                        text=0      added_headers=0
NO_LAYOUT      t_npc_c0014                        text=0      added_headers=0
NO_LAYOUT      t_npc_c0020                        text=0      added_headers=0
NO_LAYOUT      t_npc_c0100                        text=0      added_headers=0
NO_LAYOUT      t_npc_c0200                        text=0      added_headers=0
EXACT          t_npc_c0300                        text=0      added_headers=0
NO_LAYOUT      t_npc_c0400                        text=0      added_headers=0
NO_LAYOUT      t_npc_c0500                        text=0      added_headers=0
EXACT          t_npc_c0600                        text=0      added_headers=0
NO_LAYOUT      t_npc_c0700                        text=0      added_headers=0
NO_LAYOUT      t_place                            text=0      added_headers=0
EXACT          t_realtime_tutorial                text=453    added_headers=1
EXACT          t_sacred_tree                      text=70     added_headers=1
EXACT          t_scptxt_a1004                     text=0      added_headers=0
EXACT          t_scptxt_c0020                     text=0      added_headers=0
EXACT          t_shop_normal                      text=122    added_headers=3
EXACT          t_skill                            text=45     added_headers=1
EXACT          t_soul_ability_tree                text=276    added_headers=3
EXACT          t_spot_menu                        text=34     added_headers=2
EXACT          t_status                           text=299    added_headers=1
EXACT          t_team_name                        text=450    added_headers=0

EXACT 21/41; текст всего: 2613
EXIT=0
